3419 [main] INFO  LOGGER - File was created by path=config/application.properties
3445 [main] INFO  LOGGER - Properties were downloaded from file=application.properties
3446 [main] INFO  LOGGER - The "Продукти" category was obtained from the properties
3490 [main] INFO  LOGGER - File was created by path=config/application.properties
3491 [main] INFO  LOGGER - Properties were downloaded from file=application.properties
3491 [main] INFO  LOGGER - The "Продукти" category was obtained from the properties
5131 [main] INFO  LOGGER - File was created by path=config/application.properties
5133 [main] INFO  LOGGER - Properties were downloaded from file=application.properties
5138 [main] INFO  LOGGER - The "Продукти" category was obtained from the properties
5495 [main] INFO  LOGGER - 15 products were generated per 0.3 s
5496 [main] INFO  LOGGER - 10 valid products. 5 invalid products.
5506 [main] INFO  LOGGER - 2 leftovers were generated per 0.009 s
5511 [main] INFO  LOGGER - File was created by path=config/application.properties
5517 [main] INFO  LOGGER - Properties were downloaded from file=application.properties
5518 [main] INFO  LOGGER - The "Продукти" category was obtained from the properties
5563 [main] INFO  LOGGER - 6 products were generated per 0.013 s
5563 [main] INFO  LOGGER - 5 valid products. 1 invalid products.
5574 [main] INFO  LOGGER - File was created by path=config/application.properties
5577 [main] INFO  LOGGER - Properties were downloaded from file=application.properties
5580 [main] INFO  LOGGER - The "Продукти" category was obtained from the properties
5585 [main] INFO  LOGGER - File was created by path=config/application.properties
5586 [main] INFO  LOGGER - Properties were downloaded from file=application.properties
5586 [main] INFO  LOGGER - The "Продукти" category was obtained from the properties
1385 [main] INFO  LOGGER - File was created by path=config/application.properties
1402 [main] INFO  LOGGER - Properties were downloaded from file=application.properties
1403 [main] INFO  LOGGER - The "Продукти" category was obtained from the properties
1473 [main] INFO  LOGGER - File was created by path=config/application.properties
1476 [main] INFO  LOGGER - Properties were downloaded from file=application.properties
1476 [main] INFO  LOGGER - The "Продукти" category was obtained from the properties
2613 [main] INFO  LOGGER - File was created by path=config/application.properties
2617 [main] INFO  LOGGER - Properties were downloaded from file=application.properties
2619 [main] INFO  LOGGER - The "Продукти" category was obtained from the properties
2924 [main] INFO  LOGGER - 13 products were generated per 0.272 s
2928 [main] INFO  LOGGER - 10 valid products. 3 invalid products.
2943 [main] INFO  LOGGER - 12 leftovers were generated per 0.015 s
2989 [main] INFO  LOGGER - File was created by path=config/application.properties
2991 [main] INFO  LOGGER - Properties were downloaded from file=application.properties
2992 [main] INFO  LOGGER - The "Продукти" category was obtained from the properties
3043 [main] INFO  LOGGER - 8 products were generated per 0.021 s
3043 [main] INFO  LOGGER - 5 valid products. 3 invalid products.
3053 [main] INFO  LOGGER - File was created by path=config/application.properties
3054 [main] INFO  LOGGER - Properties were downloaded from file=application.properties
3056 [main] INFO  LOGGER - The "Продукти" category was obtained from the properties
3067 [main] INFO  LOGGER - File was created by path=config/application.properties
3085 [main] INFO  LOGGER - Properties were downloaded from file=application.properties
3085 [main] INFO  LOGGER - The "Продукти" category was obtained from the properties
2412 [main] INFO  LOGGER - File was created by path=config/application.properties
2426 [main] INFO  LOGGER - Properties were downloaded from file=application.properties
2426 [main] INFO  LOGGER - The "Продукти" category was obtained from the properties
11272 [main] INFO  LOGGER - Count from categories = 10
18353 [main] INFO  LOGGER - 400063 products were generated per 7.05 s
18354 [main] INFO  LOGGER - 300000 valid products. 100063 invalid products.
36795 [main] INFO  LOGGER - 300000 valid products were inserted into collections "products" per 17062 ms
36853 [main] INFO  LOGGER - 16 stores were found in collections "stores" per 54 ms
41055 [main] INFO  LOGGER - 300000 products were found in products collection
57368 [main] INFO  LOGGER - 3000000 leftovers were generated per 11.945 s
216699 [main] INFO  LOGGER - 3000000 rows were inserted into collections "leftover" per 102185 ms
216711 [main] INFO  LOGGER - RPS = 29358.516416303763
220163 [main] INFO  LOGGER - Time finding the address = 3444 ms
220171 [main] INFO  LOGGER - The address of the store with the largest number of products in the category "Продукти": Київське шосе, 41, Полтава, count = 95318
6177 [main] INFO  LOGGER - File was created by path=config/application.properties
6197 [main] INFO  LOGGER - Properties were downloaded from file=application.properties
6198 [main] INFO  LOGGER - The "Продукти" category was obtained from the properties
16383 [main] INFO  LOGGER - Count from categories = 10
36799 [main] INFO  LOGGER - 400035 products were generated per 20.399 s
36813 [main] INFO  LOGGER - 300000 valid products. 100035 invalid products.
58638 [main] INFO  LOGGER - 300000 valid products were inserted into collections "products" per 19200 ms
58719 [main] INFO  LOGGER - 16 stores were found in collections "stores" per 76 ms
63934 [main] INFO  LOGGER - 300000 products were found in products collection
71238 [main] INFO  LOGGER - 3000000 leftovers were generated per 6.224 s
266123 [main] INFO  LOGGER - 3000000 rows were inserted into collections "leftover" per 130518 ms
266193 [main] INFO  LOGGER - RPS = 22985.335356042844
268117 [main] INFO  LOGGER - Time finding the address = 1899 ms
268117 [main] INFO  LOGGER - The address of the store with the largest number of products in the category "Продукти": вул. Батозька, 1-В, Винниця, count = 95142
2299 [main] INFO  LOGGER - File was created by path=config/application.properties
2334 [main] INFO  LOGGER - Properties were downloaded from file=application.properties
2342 [main] INFO  LOGGER - The "Продукти" category was obtained from the properties
6142 [main] INFO  LOGGER - Count from categories = 10
12141 [main] INFO  LOGGER - 399636 products were generated per 5.969 s
12142 [main] INFO  LOGGER - 300000 valid products. 99636 invalid products.
30569 [main] INFO  LOGGER - 300000 valid products were inserted into collections "products" per 15887 ms
30720 [main] INFO  LOGGER - 16 stores were found in collections "stores" per 149 ms
36609 [main] INFO  LOGGER - 300000 products were found in products collection
44898 [main] INFO  LOGGER - 3000000 leftovers were generated per 7.624 s
235234 [main] INFO  LOGGER - 3000000 rows were inserted into collections "leftover" per 97539 ms
235259 [main] INFO  LOGGER - RPS = 30756.927998031555
237588 [main] INFO  LOGGER - Time finding the address = 2319 ms
237588 [main] INFO  LOGGER - The address of the store with the largest number of products in the category "Продукти": вул. Городоцька, 302, Львів, count = 95650
1698 [main] INFO  LOGGER - File was created by path=config/application.properties
1724 [main] INFO  LOGGER - Properties were downloaded from file=application.properties
1724 [main] INFO  LOGGER - The "Продукти" category was obtained from the properties
1761 [main] INFO  LOGGER - File was created by path=config/application.properties
1762 [main] INFO  LOGGER - Properties were downloaded from file=application.properties
1762 [main] INFO  LOGGER - The "Продукти" category was obtained from the properties
3323 [main] INFO  LOGGER - File was created by path=config/application.properties
3323 [main] INFO  LOGGER - Properties were downloaded from file=application.properties
3324 [main] INFO  LOGGER - The "Продукти" category was obtained from the properties
3786 [main] INFO  LOGGER - 12 products were generated per 0.391 s
3786 [main] INFO  LOGGER - 10 valid products. 2 invalid products.
3804 [main] INFO  LOGGER - 13 leftovers were generated per 0.017 s
3812 [main] INFO  LOGGER - File was created by path=config/application.properties
3813 [main] INFO  LOGGER - Properties were downloaded from file=application.properties
3814 [main] INFO  LOGGER - The "Продукти" category was obtained from the properties
3861 [main] INFO  LOGGER - 9 products were generated per 0.028 s
3861 [main] INFO  LOGGER - 5 valid products. 4 invalid products.
3873 [main] INFO  LOGGER - File was created by path=config/application.properties
3874 [main] INFO  LOGGER - Properties were downloaded from file=application.properties
3874 [main] INFO  LOGGER - The "Продукти" category was obtained from the properties
3888 [main] INFO  LOGGER - File was created by path=config/application.properties
3893 [main] INFO  LOGGER - Properties were downloaded from file=application.properties
3893 [main] INFO  LOGGER - The "Продукти" category was obtained from the properties
4017 [main] ERROR LOGGER - Error connection to mongoDatabase shapp_db
1631 [main] INFO  LOGGER - File was created by path=config/application.properties
1648 [main] INFO  LOGGER - Properties were downloaded from file=application.properties
1650 [main] INFO  LOGGER - The "Продукти" category was obtained from the properties
1689 [main] INFO  LOGGER - File was created by path=config/application.properties
1690 [main] INFO  LOGGER - Properties were downloaded from file=application.properties
1690 [main] INFO  LOGGER - The "Продукти" category was obtained from the properties
3488 [main] INFO  LOGGER - File was created by path=config/application.properties
3490 [main] INFO  LOGGER - Properties were downloaded from file=application.properties
3490 [main] INFO  LOGGER - The "Продукти" category was obtained from the properties
3962 [main] INFO  LOGGER - 14 products were generated per 0.411 s
3963 [main] INFO  LOGGER - 10 valid products. 4 invalid products.
3963 [main] INFO  LOGGER - 0 leftovers were generated per 0.0 s
3969 [main] INFO  LOGGER - File was created by path=config/application.properties
3970 [main] INFO  LOGGER - Properties were downloaded from file=application.properties
3970 [main] INFO  LOGGER - The "Продукти" category was obtained from the properties
4007 [main] INFO  LOGGER - 8 products were generated per 0.016 s
4007 [main] INFO  LOGGER - 5 valid products. 3 invalid products.
4020 [main] INFO  LOGGER - File was created by path=config/application.properties
4021 [main] INFO  LOGGER - Properties were downloaded from file=application.properties
4022 [main] INFO  LOGGER - The "Продукти" category was obtained from the properties
4028 [main] INFO  LOGGER - File was created by path=config/application.properties
4029 [main] INFO  LOGGER - Properties were downloaded from file=application.properties
4030 [main] INFO  LOGGER - The "Продукти" category was obtained from the properties
1069 [main] INFO  LOGGER - File was created by path=config/application.properties
1085 [main] INFO  LOGGER - Properties were downloaded from file=application.properties
1089 [main] INFO  LOGGER - The "Продукти" category was obtained from the properties
1123 [main] INFO  LOGGER - File was created by path=config/application.properties
1123 [main] INFO  LOGGER - Properties were downloaded from file=application.properties
1124 [main] INFO  LOGGER - The "Продукти" category was obtained from the properties
2374 [main] INFO  LOGGER - File was created by path=config/application.properties
2374 [main] INFO  LOGGER - Properties were downloaded from file=application.properties
2375 [main] INFO  LOGGER - The "Продукти" category was obtained from the properties
2659 [main] INFO  LOGGER - 15 products were generated per 0.239 s
2659 [main] INFO  LOGGER - 10 valid products. 5 invalid products.
2691 [main] INFO  LOGGER - File was created by path=config/application.properties
2692 [main] INFO  LOGGER - Properties were downloaded from file=application.properties
2695 [main] INFO  LOGGER - The "Продукти" category was obtained from the properties
2715 [main] INFO  LOGGER - 6 products were generated per 0.01 s
2716 [main] INFO  LOGGER - 5 valid products. 1 invalid products.
2726 [main] INFO  LOGGER - File was created by path=config/application.properties
2726 [main] INFO  LOGGER - Properties were downloaded from file=application.properties
2727 [main] INFO  LOGGER - The "Продукти" category was obtained from the properties
2731 [main] INFO  LOGGER - File was created by path=config/application.properties
2732 [main] INFO  LOGGER - Properties were downloaded from file=application.properties
2733 [main] INFO  LOGGER - The "Продукти" category was obtained from the properties
893  [main] INFO  LOGGER - File was created by path=config/application.properties
899  [main] INFO  LOGGER - Properties were downloaded from file=application.properties
907  [main] INFO  LOGGER - The "Продукти" category was obtained from the properties
1725 [main] INFO  LOGGER - 14 products were generated per 0.188 s
1725 [main] INFO  LOGGER - 10 valid products. 4 invalid products.
